###############################################################################
#
# IAR ELF Linker V9.10.2.313/W64 for ARM                  18/May/2022  03:44:15
# Copyright 2007-2021 IAR Systems AB.
#
#    Output file  =
#        D:\Courses\repos\Microwave Oven Controller Project\Embedded Project
#        repo\Microwave_final\Debug\Exe\Microwave_final.out
#    Map file     =
#        D:\Courses\repos\Microwave Oven Controller Project\Embedded Project
#        repo\Microwave_final\Debug\List\Microwave_final.map
#    Command line =
#        -f "D:\Courses\repos\Microwave Oven Controller Project\Embedded
#        Project repo\Microwave_final\Debug\Exe\Microwave_final.out.rsp"
#        ("D:\Courses\repos\Microwave Oven Controller Project\Embedded Project
#        repo\Microwave_final\Debug\Obj\App.o" "D:\Courses\repos\Microwave Oven
#        Controller Project\Embedded Project
#        repo\Microwave_final\Debug\Obj\cstartup_M.o"
#        "D:\Courses\repos\Microwave Oven Controller Project\Embedded Project
#        repo\Microwave_final\Debug\Obj\keypad.o" "D:\Courses\repos\Microwave
#        Oven Controller Project\Embedded Project
#        repo\Microwave_final\Debug\Obj\LCD.o" "D:\Courses\repos\Microwave Oven
#        Controller Project\Embedded Project
#        repo\Microwave_final\Debug\Obj\LED_SW.o" "D:\Courses\repos\Microwave
#        Oven Controller Project\Embedded Project
#        repo\Microwave_final\Debug\Obj\main.o" "D:\Courses\repos\Microwave
#        Oven Controller Project\Embedded Project
#        repo\Microwave_final\Debug\Obj\systick.o" --no_out_extension -o
#        "D:\Courses\repos\Microwave Oven Controller Project\Embedded Project
#        repo\Microwave_final\Debug\Exe\Microwave_final.out" --redirect
#        _Printf=_PrintfFullNoMb --redirect _Scanf=_ScanfFullNoMb --map
#        "D:\Courses\repos\Microwave Oven Controller Project\Embedded Project
#        repo\Microwave_final\Debug\List\Microwave_final.map" --config
#        "C:\Program Files\IAR Systems\Embedded Workbench
#        9.0\arm\config\linker\TexasInstruments\TM4C123GH6.icf" --semihosting
#        --entry __iar_program_start --vfe --text_out locale)
#
###############################################################################

*******************************************************************************
*** RUNTIME MODEL ATTRIBUTES
***

CppFlavor       = *
__SystemLibrary = DLib
__dlib_version  = 6


*******************************************************************************
*** HEAP SELECTION
***

The basic heap was selected because some modules are built with
size limitations (and not runtime checking), and --advanced_heap
was not specified.


*******************************************************************************
*** PLACEMENT SUMMARY
***

"A0":  place at address 0x0 { ro section .intvec };
"P1":  place in [from 0x0 to 0x3'ffff] { ro };
define block CSTACK with size = 4K, alignment = 8 { };
define block HEAP with size = 8K, alignment = 8 { };
"P2":  place in [from 0x2000'0000 to 0x2000'7fff] {
          rw, block CSTACK, block HEAP };
initialize by copy { rw };

  Section            Kind         Address    Size  Object
  -------            ----         -------    ----  ------
"A0":                                        0xbc
  .intvec            const            0x0    0xbc  cstartup_M.o [1]
                                   - 0xbc    0xbc

"P1":                                       0xd1f
  .text              ro code         0xbc   0x4a0  App.o [1]
  .text              ro code        0x55c   0x314  LCD.o [1]
  .text              ro code        0x870   0x1c4  LED_SW.o [1]
  .text              ro code        0xa34    0x6c  systick.o [1]
  .text              ro code        0xaa0   0x140  keypad.o [1]
  .text              ro code        0xbe0    0x78  main.o [1]
  .text              ro code        0xc58    0x3a  packbits_init_single.o [4]
  .text              ro code        0xc92     0x2  cstartup_M.o [1]
  .text              ro code        0xc94    0x28  data_init.o [4]
  .text              ro code        0xcbc    0x22  fpinit_M.o [3]
  .iar.init_table    const          0xce0    0x10  - Linker created -
  .text              ro code        0xcf0     0x2  cstartup_M.o [1]
  .text              ro code        0xcf4    0x1e  cmain.o [4]
  .text              ro code        0xd12     0x4  low_level_init.o [2]
  .text              ro code        0xd16     0x4  exit.o [2]
  .text              ro code        0xd1a     0x2  cstartup_M.o [1]
  .text              ro code        0xd1c     0xa  cexit.o [4]
  .text              ro code        0xd26     0x2  cstartup_M.o [1]
  .text              ro code        0xd28    0x14  exit.o [5]
  .rodata            const          0xd3c    0x10  App.o [1]
  .rodata            const          0xd4c    0x10  App.o [1]
  .rodata            const          0xd5c    0x10  App.o [1]
  .text              ro code        0xd6c    0x10  cstartup_M.o [1]
  .rodata            const          0xd7c     0xc  App.o [1]
  .rodata            const          0xd88     0x8  App.o [1]
  .rodata            const          0xd90     0x8  App.o [1]
  .rodata            const          0xd98     0x8  App.o [1]
  .rodata            const          0xda0     0x8  App.o [1]
  .text              ro code        0xda8     0x2  cstartup_M.o [1]
  .text              ro code        0xdaa     0x2  cstartup_M.o [1]
  .text              ro code        0xdac     0x2  cstartup_M.o [1]
  .text              ro code        0xdae     0x2  cstartup_M.o [1]
  .text              ro code        0xdb0     0x2  cstartup_M.o [1]
  .text              ro code        0xdb2     0x2  cstartup_M.o [1]
  .text              ro code        0xdb4     0x2  cstartup_M.o [1]
  .text              ro code        0xdb6     0x2  cstartup_M.o [1]
  .text              ro code        0xdb8     0x2  cstartup_M.o [1]
  .rodata            const          0xdba     0x0  packbits_init_single.o [4]
  Initializer bytes  const          0xdba    0x21  <for P2-1>
                                  - 0xddb   0xd1f

"P2", part 1 of 2:                           0x31
  P2-1                        0x2000'0000    0x31  <Init block>
    .data            inited   0x2000'0000    0x10  keypad.o [1]
    .data            inited   0x2000'0010     0xc  LCD.o [1]
    .bss             inited   0x2000'001c     0x4  App.o [1]
    .bss             inited   0x2000'0020     0x8  App.o [1]
    .bss             inited   0x2000'0028     0x2  App.o [1]
    .data            inited   0x2000'002a     0x1  App.o [1]
    .data            inited   0x2000'002b     0x1  App.o [1]
    .bss             inited   0x2000'002c     0x1  App.o [1]
    .bss             inited   0x2000'002d     0x1  App.o [1]
    .bss             inited   0x2000'002e     0x1  App.o [1]
    .bss             inited   0x2000'002f     0x1  App.o [1]
    .bss             inited   0x2000'0030     0x1  App.o [1]
                            - 0x2000'0031    0x31

"P2", part 2 of 2:                         0x1000
  CSTACK                      0x2000'0038  0x1000  <Block>
    CSTACK           uninit   0x2000'0038  0x1000  <Block tail>
                            - 0x2000'1038  0x1000

Unused ranges:

         From           To      Size
         ----           --      ----
        0xddb     0x3'ffff  0x3'f225
  0x2000'0031  0x2000'0037       0x7
  0x2000'1038  0x2000'7fff    0x6fc8


*******************************************************************************
*** INIT TABLE
***

          Address      Size
          -------      ----
Copy/packbits (__iar_packbits_init_single3)
    1 source range, total size 0x21 (67% of destination):
                0xdba  0x21
    1 destination range, total size 0x31:
          0x2000'0000  0x31



*******************************************************************************
*** MODULE SUMMARY
***

    Module                  ro code  ro data  rw data
    ------                  -------  -------  -------
command line/config:
    -------------------------------------------------
    Total:

D:\Courses\repos\Microwave Oven Controller Project\Embedded Project repo\Microwave_final\Debug\Obj: [1]
    App.o                     1'184      107       21
    LCD.o                       788        8       12
    LED_SW.o                    452
    cstartup_M.o                 42      188
    keypad.o                    320       10       16
    main.o                      120
    systick.o                   108
    -------------------------------------------------
    Total:                    3'014      313       49

dl7M_tln.a: [2]
    exit.o                        4
    low_level_init.o              4
    -------------------------------------------------
    Total:                        8

m7M_tls.a: [3]
    fpinit_M.o                   34
    -------------------------------------------------
    Total:                       34

rt7M_tl.a: [4]
    cexit.o                      10
    cmain.o                      30
    data_init.o                  40
    packbits_init_single.o       58
    -------------------------------------------------
    Total:                      138

shb_l.a: [5]
    exit.o                       20
    -------------------------------------------------
    Total:                       20

    Gaps                          2        2
    Linker created                        16    4'096
-----------------------------------------------------
    Grand Total:              3'216      331    4'145


*******************************************************************************
*** ENTRY LIST
***

Entry                       Address   Size  Type      Object
-----                       -------   ----  ----      ------
.iar.init_table$$Base         0xce0          --   Gb  - Linker created -
.iar.init_table$$Limit        0xcf0          --   Gb  - Linker created -
?main                         0xcf5         Code  Gb  cmain.o [4]
Beef_Task                     0x255   0x72  Code  Gb  App.o [1]
Beef_weight             0x2000'002d    0x1  Data  Gb  App.o [1]
BusFault_Handler              0xd27    0x2  Code  Gb  cstartup_M.o [1]
CSTACK$$Base            0x2000'0038          --   Gb  - Linker created -
CSTACK$$Limit           0x2000'1038          --   Gb  - Linker created -
Chicken_Task                  0x2c7   0x72  Code  Gb  App.o [1]
Chicken_weight          0x2000'002e    0x1  Data  Gb  App.o [1]
Cooking_Time_Task             0x339  0x15c  Code  Gb  App.o [1]
Cooking_Time_digit      0x2000'002f    0x1  Data  Gb  App.o [1]
Cooking_Time_total      0x2000'0020    0x8  Data  Gb  App.o [1]
Counter_Task                  0x499   0x78  Code  Gb  App.o [1]
DebugMon_Handler              0xdad    0x2  Code  Gb  cstartup_M.o [1]
Delay_MS                      0x1c3   0x38  Code  Gb  App.o [1]
GPIOPortA_Handler             0xdb1    0x2  Code  Gb  cstartup_M.o [1]
GPIOPortB_Handler             0xdb3    0x2  Code  Gb  cstartup_M.o [1]
GPIOPortC_Handler             0xdb5    0x2  Code  Gb  cstartup_M.o [1]
GPIOPortD_Handler             0xdb7    0x2  Code  Gb  cstartup_M.o [1]
GPIOPortE_Handler             0xdb9    0x2  Code  Gb  cstartup_M.o [1]
GPIOPortF_Handler             0x12d   0x96  Code  Gb  App.o [1]
HardFault_Handler             0xcf1    0x2  Code  Gb  cstartup_M.o [1]
Init_Task                     0x1fb   0x3c  Code  Gb  App.o [1]
KeyPad_getPressedKey          0xb59   0x4c  Code  Gb  keypad.o [1]
LCD_clearScreen               0x7cf    0xa  Code  Gb  LCD.o [1]
LCD_displayCharacter          0x6c3   0xa2  Code  Gb  LCD.o [1]
LCD_displayCounter            0x7d9   0x5e  Code  Gb  LCD.o [1]
LCD_displayString             0x765   0x20  Code  Gb  LCD.o [1]
LCD_displayStringRowColumn
                              0x7bb   0x14  Code  Gb  LCD.o [1]
LCD_goToRowColumn             0x785   0x36  Code  Gb  LCD.o [1]
LCD_init                      0x577   0xaa  Code  Gb  LCD.o [1]
LCD_sendCommand               0x621   0xa2  Code  Gb  LCD.o [1]
LED_OFF                       0x9c5    0xe  Code  Gb  LED_SW.o [1]
LED_ON                        0x9b7    0xe  Code  Gb  LED_SW.o [1]
Leds_Init                     0x871   0x64  Code  Gb  LED_SW.o [1]
MemManage_Handler             0xd1b    0x2  Code  Gb  cstartup_M.o [1]
NMI_Handler                   0xc93    0x2  Code  Gb  cstartup_M.o [1]
PendSV_Handler                0xdaf    0x2  Code  Gb  cstartup_M.o [1]
Popcorn_Task                  0x237   0x1e  Code  Gb  App.o [1]
Read_START_SW                 0x9ad    0xa  Code  Gb  LED_SW.o [1]
Read_STOP_SW                  0x9a3    0xa  Code  Gb  LED_SW.o [1]
Region$$Table$$Base           0xce0          --   Gb  - Linker created -
Region$$Table$$Limit          0xcf0          --   Gb  - Linker created -
SVC_Handler                   0xdab    0x2  Code  Gb  cstartup_M.o [1]
SWs_init                      0x8d5   0xce  Code  Gb  LED_SW.o [1]
SysTick_Disable               0xa69    0xe  Code  Gb  systick.o [1]
SysTick_Enable                0xa77   0x14  Code  Gb  systick.o [1]
SysTick_Handler               0x111   0x1c  Code  Gb  App.o [1]
SysTick_Init                  0xa35   0x34  Code  Gb  systick.o [1]
Total_cooking           0x2000'0028    0x2  Data  Gb  App.o [1]
UsageFault_Handler            0xda9    0x2  Code  Gb  cstartup_M.o [1]
__cmain                       0xcf5         Code  Gb  cmain.o [4]
__exit                        0xd29   0x14  Code  Gb  exit.o [5]
__iar_data_init3              0xc95   0x28  Code  Gb  data_init.o [4]
__iar_init_vfp                0xcbd         Code  Gb  fpinit_M.o [3]
__iar_packbits_init_single3
                              0xc59   0x3a  Code  Gb  packbits_init_single.o [4]
__iar_program_start           0xd6d   0x10  Code  Gb  cstartup_M.o [1]
__low_level_init              0xd13    0x4  Code  Gb  low_level_init.o [2]
__vector_table                  0x0   0xbc  Data  Gb  cstartup_M.o [1]
_call_main                    0xd01         Code  Gb  cmain.o [4]
_exit                         0xd1d         Code  Gb  cexit.o [4]
cook_time_flag          0x2000'0030    0x1  Data  Gb  App.o [1]
delayMs                       0xaa1   0x1a  Code  Gb  keypad.o [1]
delay_Ms                      0x55d   0x1a  Code  Gb  LCD.o [1]
exit                          0xd17    0x4  Code  Gb  exit.o [2]
first_stop_flag         0x2000'002a    0x1  Data  Gb  App.o [1]
key_Value               0x2000'002c    0x1  Data  Gb  App.o [1]
keypad_Init                   0xabb   0x9e  Code  Gb  keypad.o [1]
main                          0xbe1   0x78  Code  Gb  main.o [1]
num_symbol              0x2000'0010    0xc  Data  Gb  LCD.o [1]
second_stop_flag        0x2000'002b    0x1  Data  Gb  App.o [1]
string_to_int                  0xbd   0x54  Code  Gb  App.o [1]
symbol                  0x2000'0000   0x10  Data  Gb  keypad.o [1]
ticks_num               0x2000'001c    0x4  Data  Gb  App.o [1]


[1] = D:\Courses\repos\Microwave Oven Controller Project\Embedded Project repo\Microwave_final\Debug\Obj
[2] = dl7M_tln.a
[3] = m7M_tls.a
[4] = rt7M_tl.a
[5] = shb_l.a

  3'216 bytes of readonly  code memory
    331 bytes of readonly  data memory
  4'145 bytes of readwrite data memory

Errors: none
Warnings: none
