###############################################################################
#
# IAR ELF Linker V9.10.2.313/W64 for ARM                  14/May/2022  22:03:24
# Copyright 2007-2021 IAR Systems AB.
#
#    Output file  =
#        D:\Courses\repos\Microwave Oven Controller Project\Embedded Project
#        repo\App_code\Debug\Exe\App_code.out
#    Map file     =
#        D:\Courses\repos\Microwave Oven Controller Project\Embedded Project
#        repo\App_code\Debug\List\App_code.map
#    Command line =
#        -f "D:\Courses\repos\Microwave Oven Controller Project\Embedded
#        Project repo\App_code\Debug\Exe\App_code.out.rsp"
#        ("D:\Courses\repos\Microwave Oven Controller Project\Embedded Project
#        repo\App_code\Debug\Obj\cstartup_M.o" "D:\Courses\repos\Microwave Oven
#        Controller Project\Embedded Project repo\App_code\Debug\Obj\keypad.o"
#        "D:\Courses\repos\Microwave Oven Controller Project\Embedded Project
#        repo\App_code\Debug\Obj\LCD.o" "D:\Courses\repos\Microwave Oven
#        Controller Project\Embedded Project repo\App_code\Debug\Obj\LED_SW.o"
#        "D:\Courses\repos\Microwave Oven Controller Project\Embedded Project
#        repo\App_code\Debug\Obj\main.o" "D:\Courses\repos\Microwave Oven
#        Controller Project\Embedded Project repo\App_code\Debug\Obj\systick.o"
#        --no_out_extension -o "D:\Courses\repos\Microwave Oven Controller
#        Project\Embedded Project repo\App_code\Debug\Exe\App_code.out"
#        --redirect _Printf=_PrintfFullNoMb --redirect _Scanf=_ScanfFullNoMb
#        --map "D:\Courses\repos\Microwave Oven Controller Project\Embedded
#        Project repo\App_code\Debug\List\App_code.map" --config "C:\Program
#        Files\IAR Systems\Embedded Workbench
#        9.0\arm\config\linker\TexasInstruments\TM4C123GH6.icf" --semihosting
#        --entry __iar_program_start --vfe --text_out locale)
#
###############################################################################

*******************************************************************************
*** RUNTIME MODEL ATTRIBUTES
***

CppFlavor       = *
__SystemLibrary = DLib
__dlib_version  = 6


*******************************************************************************
*** HEAP SELECTION
***

The basic heap was selected because some modules are built with
size limitations (and not runtime checking), and --advanced_heap
was not specified.


*******************************************************************************
*** PLACEMENT SUMMARY
***

"A0":  place at address 0x0 { ro section .intvec };
"P1":  place in [from 0x0 to 0x3'ffff] { ro };
define block CSTACK with size = 4K, alignment = 8 { };
define block HEAP with size = 8K, alignment = 8 { };
"P2":  place in [from 0x2000'0000 to 0x2000'7fff] {
          rw, block CSTACK, block HEAP };
initialize by copy { rw };

  Section            Kind         Address    Size  Object
  -------            ----         -------    ----  ------
"A0":                                        0xbc
  .intvec            const            0x0    0xbc  cstartup_M.o [1]
                                   - 0xbc    0xbc

"P1":                                       0xb86
  .text              ro code         0xbc   0x3c8  main.o [1]
  .text              ro code        0x484   0x312  LCD.o [1]
  .text              ro code        0x796    0x2a  copy_init3.o [4]
  .text              ro code        0x7c0    0x6c  systick.o [1]
  .text              ro code        0x82c   0x12c  LED_SW.o [1]
  .text              ro code        0x958   0x142  keypad.o [1]
  .text              ro code        0xa9a    0x14  memset.o [4]
  .text              ro code        0xaae     0x2  cstartup_M.o [1]
  .text              ro code        0xab0    0x66  ABImemset.o [4]
  .text              ro code        0xb16     0x2  cstartup_M.o [1]
  .text              ro code        0xb18    0x28  data_init.o [4]
  .text              ro code        0xb40    0x22  fpinit_M.o [3]
  .iar.init_table    const          0xb64    0x14  - Linker created -
  .text              ro code        0xb78     0x2  cstartup_M.o [1]
  Initializer bytes  const          0xb7c    0x20  <for P2-1>
  .text              ro code        0xb9c    0x1e  cmain.o [4]
  .text              ro code        0xbba     0x4  low_level_init.o [2]
  .text              ro code        0xbbe     0x4  exit.o [2]
  .text              ro code        0xbc2     0x2  cstartup_M.o [1]
  .text              ro code        0xbc4     0xa  cexit.o [4]
  .text              ro code        0xbce     0x2  cstartup_M.o [1]
  .text              ro code        0xbd0    0x14  exit.o [5]
  .rodata            const          0xbe4    0x10  main.o [1]
  .rodata            const          0xbf4    0x10  main.o [1]
  .rodata            const          0xc04    0x10  main.o [1]
  .text              ro code        0xc14    0x10  cstartup_M.o [1]
  .rodata            const          0xc24     0x8  main.o [1]
  .rodata            const          0xc2c     0x8  main.o [1]
  .rodata            const          0xc34     0x8  main.o [1]
  .text              ro code        0xc3c     0x2  cstartup_M.o [1]
  .text              ro code        0xc3e     0x2  cstartup_M.o [1]
  .text              ro code        0xc40     0x2  cstartup_M.o [1]
  .rodata            const          0xc42     0x0  copy_init3.o [4]
                                  - 0xc42   0xb86

"P2", part 1 of 2:                           0x20
  P2-1                        0x2000'0000    0x20  <Init block>
    .data            inited   0x2000'0000    0x10  keypad.o [1]
    .data            inited   0x2000'0010     0xc  LCD.o [1]
    .bss             inited   0x2000'001c     0x4  main.o [1]
                            - 0x2000'0020    0x20

"P2", part 2 of 2:                         0x1000
  CSTACK                      0x2000'0020  0x1000  <Block>
    CSTACK           uninit   0x2000'0020  0x1000  <Block tail>
                            - 0x2000'1020  0x1000

Unused ranges:

         From           To      Size
         ----           --      ----
        0xc42     0x3'ffff  0x3'f3be
  0x2000'1020  0x2000'7fff    0x6fe0


*******************************************************************************
*** INIT TABLE
***

          Address      Size
          -------      ----
Copy (__iar_copy_init3)
    1 source range, total size 0x20:
                0xb7c  0x20
    1 destination range, total size 0x20:
          0x2000'0000  0x20



*******************************************************************************
*** MODULE SUMMARY
***

    Module            ro code  ro data  rw data
    ------            -------  -------  -------
command line/config:
    -------------------------------------------
    Total:

D:\Courses\repos\Microwave Oven Controller Project\Embedded Project repo\App_code\Debug\Obj: [1]
    LCD.o                 786       12       12
    LED_SW.o              300
    cstartup_M.o           32      188
    keypad.o              322       16       16
    main.o                968       76        4
    systick.o             108
    -------------------------------------------
    Total:              2'516      292       32

dl7M_tln.a: [2]
    exit.o                  4
    low_level_init.o        4
    -------------------------------------------
    Total:                  8

m7M_tls.a: [3]
    fpinit_M.o             34
    -------------------------------------------
    Total:                 34

rt7M_tl.a: [4]
    ABImemset.o           102
    cexit.o                10
    cmain.o                30
    copy_init3.o           42
    data_init.o            40
    memset.o               20
    -------------------------------------------
    Total:                244

shb_l.a: [5]
    exit.o                 20
    -------------------------------------------
    Total:                 20

    Gaps                             2
    Linker created                  22    4'096
-----------------------------------------------
    Grand Total:        2'822      316    4'128


*******************************************************************************
*** ENTRY LIST
***

Entry                       Address   Size  Type      Object
-----                       -------   ----  ----      ------
.iar.init_table$$Base         0xb64          --   Gb  - Linker created -
.iar.init_table$$Limit        0xb78          --   Gb  - Linker created -
?main                         0xb9d         Code  Gb  cmain.o [4]
App_Counter                   0x15d   0x18  Code  Gb  main.o [1]
BusFault_Handler              0xbc3    0x2  Code  Gb  cstartup_M.o [1]
CSTACK$$Base            0x2000'0020          --   Gb  - Linker created -
CSTACK$$Limit           0x2000'1020          --   Gb  - Linker created -
DebugMon_Handler              0xc3f    0x2  Code  Gb  cstartup_M.o [1]
Delay_MS                       0xbd   0x38  Code  Gb  main.o [1]
GPIOPortF_Handler             0x111   0x4c  Code  Gb  main.o [1]
HardFault_Handler             0xb17    0x2  Code  Gb  cstartup_M.o [1]
KeyPad_getPressedKey          0x9f7   0x4c  Code  Gb  keypad.o [1]
LCD_clearScreen               0x6dd    0xa  Code  Gb  LCD.o [1]
LCD_displayCharacter          0x5d1   0xa2  Code  Gb  LCD.o [1]
LCD_displayCounter            0x6e7   0x5e  Code  Gb  LCD.o [1]
LCD_displayString             0x673   0x20  Code  Gb  LCD.o [1]
LCD_displayStringRowColumn
                              0x6c9   0x14  Code  Gb  LCD.o [1]
LCD_goToRowColumn             0x693   0x36  Code  Gb  LCD.o [1]
LCD_init                      0x485   0xaa  Code  Gb  LCD.o [1]
LCD_sendCommand               0x52f   0xa2  Code  Gb  LCD.o [1]
Leds_Init                     0x82d   0x4a  Code  Gb  LED_SW.o [1]
MemManage_Handler             0xb79    0x2  Code  Gb  cstartup_M.o [1]
NMI_Handler                   0xaaf    0x2  Code  Gb  cstartup_M.o [1]
PendSV_Handler                0xc41    0x2  Code  Gb  cstartup_M.o [1]
Region$$Table$$Base           0xb64          --   Gb  - Linker created -
Region$$Table$$Limit          0xb78          --   Gb  - Linker created -
SVC_Handler                   0xc3d    0x2  Code  Gb  cstartup_M.o [1]
SWs_init                      0x877   0x9c  Code  Gb  LED_SW.o [1]
SysTick_Disable               0x7f5    0xe  Code  Gb  systick.o [1]
SysTick_Enable                0x803   0x14  Code  Gb  systick.o [1]
SysTick_Handler                0xf5   0x1c  Code  Gb  main.o [1]
SysTick_Init                  0x7c1   0x34  Code  Gb  systick.o [1]
UsageFault_Handler            0xbcf    0x2  Code  Gb  cstartup_M.o [1]
__aeabi_memset                0xab1         Code  Gb  ABImemset.o [4]
__cmain                       0xb9d         Code  Gb  cmain.o [4]
__exit                        0xbd1   0x14  Code  Gb  exit.o [5]
__iar_Memset                  0xab1         Code  Gb  ABImemset.o [4]
__iar_Memset_word             0xab9         Code  Gb  ABImemset.o [4]
__iar_copy_init3              0x797   0x2a  Code  Gb  copy_init3.o [4]
__iar_data_init3              0xb19   0x28  Code  Gb  data_init.o [4]
__iar_init_vfp                0xb41         Code  Gb  fpinit_M.o [3]
__iar_program_start           0xc15   0x10  Code  Gb  cstartup_M.o [1]
__low_level_init              0xbbb    0x4  Code  Gb  low_level_init.o [2]
__vector_table                  0x0   0xbc  Data  Gb  cstartup_M.o [1]
_call_main                    0xba9         Code  Gb  cmain.o [4]
_exit                         0xbc5         Code  Gb  cexit.o [4]
delayMs                       0xa81   0x1a  Code  Gb  keypad.o [1]
delay_Ms                      0x77d   0x1a  Code  Gb  LCD.o [1]
exit                          0xbbf    0x4  Code  Gb  exit.o [2]
keypad_Init                   0x959   0x9e  Code  Gb  keypad.o [1]
main                          0x1c9  0x28e  Code  Gb  main.o [1]
memset                        0xa9b   0x14  Code  Gb  memset.o [4]
num_symbol              0x2000'0010    0xc  Data  Gb  LCD.o [1]
string_to_int                 0x175   0x54  Code  Gb  main.o [1]
symbol                  0x2000'0000   0x10  Data  Gb  keypad.o [1]
ticks_num               0x2000'001c    0x4  Data  Gb  main.o [1]


[1] = D:\Courses\repos\Microwave Oven Controller Project\Embedded Project repo\App_code\Debug\Obj
[2] = dl7M_tln.a
[3] = m7M_tls.a
[4] = rt7M_tl.a
[5] = shb_l.a

  2'822 bytes of readonly  code memory
    316 bytes of readonly  data memory
  4'128 bytes of readwrite data memory

Errors: none
Warnings: none
