###############################################################################
#
# IAR ELF Linker V9.10.2.313/W64 for ARM                  17/May/2022  08:15:40
# Copyright 2007-2021 IAR Systems AB.
#
#    Output file  =
#        D:\Courses\repos\Microwave Oven Controller Project\Embedded Project
#        repo\App_code\Debug\Exe\App_code.out
#    Map file     =
#        D:\Courses\repos\Microwave Oven Controller Project\Embedded Project
#        repo\App_code\Debug\List\App_code.map
#    Command line =
#        -f "D:\Courses\repos\Microwave Oven Controller Project\Embedded
#        Project repo\App_code\Debug\Exe\App_code.out.rsp"
#        ("D:\Courses\repos\Microwave Oven Controller Project\Embedded Project
#        repo\App_code\Debug\Obj\cstartup_M.o" "D:\Courses\repos\Microwave Oven
#        Controller Project\Embedded Project repo\App_code\Debug\Obj\keypad.o"
#        "D:\Courses\repos\Microwave Oven Controller Project\Embedded Project
#        repo\App_code\Debug\Obj\LCD.o" "D:\Courses\repos\Microwave Oven
#        Controller Project\Embedded Project repo\App_code\Debug\Obj\LED_SW.o"
#        "D:\Courses\repos\Microwave Oven Controller Project\Embedded Project
#        repo\App_code\Debug\Obj\main.o" "D:\Courses\repos\Microwave Oven
#        Controller Project\Embedded Project repo\App_code\Debug\Obj\systick.o"
#        --no_out_extension -o "D:\Courses\repos\Microwave Oven Controller
#        Project\Embedded Project repo\App_code\Debug\Exe\App_code.out"
#        --redirect _Printf=_PrintfFullNoMb --redirect _Scanf=_ScanfFullNoMb
#        --map "D:\Courses\repos\Microwave Oven Controller Project\Embedded
#        Project repo\App_code\Debug\List\App_code.map" --config "C:\Program
#        Files\IAR Systems\Embedded Workbench
#        9.0\arm\config\linker\TexasInstruments\TM4C123GH6.icf" --semihosting
#        --entry __iar_program_start --vfe --text_out locale)
#
###############################################################################

*******************************************************************************
*** RUNTIME MODEL ATTRIBUTES
***

CppFlavor       = *
__SystemLibrary = DLib
__dlib_version  = 6


*******************************************************************************
*** HEAP SELECTION
***

The basic heap was selected because some modules are built with
size limitations (and not runtime checking), and --advanced_heap
was not specified.


*******************************************************************************
*** PLACEMENT SUMMARY
***

"A0":  place at address 0x0 { ro section .intvec };
"P1":  place in [from 0x0 to 0x3'ffff] { ro };
define block CSTACK with size = 4K, alignment = 8 { };
define block HEAP with size = 8K, alignment = 8 { };
"P2":  place in [from 0x2000'0000 to 0x2000'7fff] {
          rw, block CSTACK, block HEAP };
initialize by copy { rw };

  Section            Kind         Address    Size  Object
  -------            ----         -------    ----  ------
"A0":                                        0xbc
  .intvec            const            0x0    0xbc  cstartup_M.o [1]
                                   - 0xbc    0xbc

"P1":                                       0xd22
  .text              ro code         0xbc   0x4a4  main.o [1]
  .text              ro code        0x560   0x312  LCD.o [1]
  .text              ro code        0x872    0x2a  copy_init3.o [4]
  .text              ro code        0x89c   0x1c4  LED_SW.o [1]
  .text              ro code        0xa60    0x6c  systick.o [1]
  .text              ro code        0xacc   0x142  keypad.o [1]
  .text              ro code        0xc0e    0x14  memset.o [4]
  .text              ro code        0xc22     0x2  cstartup_M.o [1]
  .text              ro code        0xc24    0x66  ABImemset.o [4]
  .text              ro code        0xc8a     0x2  cstartup_M.o [1]
  .text              ro code        0xc8c    0x28  data_init.o [4]
  .text              ro code        0xcb4    0x22  fpinit_M.o [3]
  .text              ro code        0xcd6     0x2  cstartup_M.o [1]
  Initializer bytes  const          0xcd8    0x24  <for P2-1>
  .iar.init_table    const          0xcfc    0x14  - Linker created -
  .text              ro code        0xd10     0x2  cstartup_M.o [1]
  .text              ro code        0xd14    0x1e  cmain.o [4]
  .text              ro code        0xd32     0x4  low_level_init.o [2]
  .text              ro code        0xd36     0x4  exit.o [2]
  .text              ro code        0xd3a     0x2  cstartup_M.o [1]
  .text              ro code        0xd3c     0xa  cexit.o [4]
  .text              ro code        0xd46     0x2  cstartup_M.o [1]
  .text              ro code        0xd48    0x14  exit.o [5]
  .rodata            const          0xd5c    0x10  main.o [1]
  .rodata            const          0xd6c    0x10  main.o [1]
  .rodata            const          0xd7c    0x10  main.o [1]
  .text              ro code        0xd8c    0x10  cstartup_M.o [1]
  .rodata            const          0xd9c     0xc  main.o [1]
  .rodata            const          0xda8     0x8  main.o [1]
  .rodata            const          0xdb0     0x8  main.o [1]
  .rodata            const          0xdb8     0x8  main.o [1]
  .rodata            const          0xdc0     0x8  main.o [1]
  .rodata            const          0xdc8     0x8  main.o [1]
  .text              ro code        0xdd0     0x2  cstartup_M.o [1]
  .text              ro code        0xdd2     0x2  cstartup_M.o [1]
  .text              ro code        0xdd4     0x2  cstartup_M.o [1]
  .text              ro code        0xdd6     0x2  cstartup_M.o [1]
  .text              ro code        0xdd8     0x2  cstartup_M.o [1]
  .text              ro code        0xdda     0x2  cstartup_M.o [1]
  .text              ro code        0xddc     0x2  cstartup_M.o [1]
  .rodata            const          0xdde     0x0  copy_init3.o [4]
                                  - 0xdde   0xd22

"P2", part 1 of 2:                           0x24
  P2-1                        0x2000'0000    0x22  <Init block>
    .data            inited   0x2000'0000    0x10  keypad.o [1]
    .data            inited   0x2000'0010     0xc  LCD.o [1]
    .bss             inited   0x2000'001c     0x4  main.o [1]
    .data            inited   0x2000'0020     0x1  main.o [1]
    .data            inited   0x2000'0021     0x1  main.o [1]
                            - 0x2000'0022    0x22

"P2", part 2 of 2:                         0x1000
  CSTACK                      0x2000'0028  0x1000  <Block>
    CSTACK           uninit   0x2000'0028  0x1000  <Block tail>
                            - 0x2000'1028  0x1000

Unused ranges:

         From           To      Size
         ----           --      ----
        0xdde     0x3'ffff  0x3'f222
  0x2000'0024  0x2000'0027       0x4
  0x2000'1028  0x2000'7fff    0x6fd8


*******************************************************************************
*** INIT TABLE
***

          Address      Size
          -------      ----
Copy (__iar_copy_init3)
    1 source range, total size 0x24 (105% of destination):
                0xcd8  0x24
    1 destination range, total size 0x22:
          0x2000'0000  0x22



*******************************************************************************
*** MODULE SUMMARY
***

    Module            ro code  ro data  rw data
    ------            -------  -------  -------
command line/config:
    -------------------------------------------
    Total:

D:\Courses\repos\Microwave Oven Controller Project\Embedded Project repo\App_code\Debug\Obj: [1]
    LCD.o                 786       12       12
    LED_SW.o              452
    cstartup_M.o           42      188
    keypad.o              322       16       16
    main.o              1'188      106        6
    systick.o             108
    -------------------------------------------
    Total:              2'898      322       34

dl7M_tln.a: [2]
    exit.o                  4
    low_level_init.o        4
    -------------------------------------------
    Total:                  8

m7M_tls.a: [3]
    fpinit_M.o             34
    -------------------------------------------
    Total:                 34

rt7M_tl.a: [4]
    ABImemset.o           102
    cexit.o                10
    cmain.o                30
    copy_init3.o           42
    data_init.o            40
    memset.o               20
    -------------------------------------------
    Total:                244

shb_l.a: [5]
    exit.o                 20
    -------------------------------------------
    Total:                 20

    Gaps                    2
    Linker created                  22    4'096
-----------------------------------------------
    Grand Total:        3'206      344    4'130


*******************************************************************************
*** ENTRY LIST
***

Entry                       Address   Size  Type      Object
-----                       -------   ----  ----      ------
.iar.init_table$$Base         0xcfc          --   Gb  - Linker created -
.iar.init_table$$Limit        0xd10          --   Gb  - Linker created -
?main                         0xd15         Code  Gb  cmain.o [4]
App_Counter                   0x1ab   0x96  Code  Gb  main.o [1]
BusFault_Handler              0xd11    0x2  Code  Gb  cstartup_M.o [1]
CSTACK$$Base            0x2000'0028          --   Gb  - Linker created -
CSTACK$$Limit           0x2000'1028          --   Gb  - Linker created -
DebugMon_Handler              0xdd1    0x2  Code  Gb  cstartup_M.o [1]
Delay_MS                       0xbd   0x38  Code  Gb  main.o [1]
GPIOPortA_Handler             0xdd5    0x2  Code  Gb  cstartup_M.o [1]
GPIOPortB_Handler             0xdd7    0x2  Code  Gb  cstartup_M.o [1]
GPIOPortC_Handler             0xdd9    0x2  Code  Gb  cstartup_M.o [1]
GPIOPortD_Handler             0xddb    0x2  Code  Gb  cstartup_M.o [1]
GPIOPortE_Handler             0xddd    0x2  Code  Gb  cstartup_M.o [1]
GPIOPortF_Handler             0x111   0x9a  Code  Gb  main.o [1]
HardFault_Handler             0xc8b    0x2  Code  Gb  cstartup_M.o [1]
KeyPad_getPressedKey          0xb6b   0x4c  Code  Gb  keypad.o [1]
LCD_clearScreen               0x7b9    0xa  Code  Gb  LCD.o [1]
LCD_displayCharacter          0x6ad   0xa2  Code  Gb  LCD.o [1]
LCD_displayCounter            0x7c3   0x5e  Code  Gb  LCD.o [1]
LCD_displayString             0x74f   0x20  Code  Gb  LCD.o [1]
LCD_displayStringRowColumn
                              0x7a5   0x14  Code  Gb  LCD.o [1]
LCD_goToRowColumn             0x76f   0x36  Code  Gb  LCD.o [1]
LCD_init                      0x561   0xaa  Code  Gb  LCD.o [1]
LCD_sendCommand               0x60b   0xa2  Code  Gb  LCD.o [1]
LED_OFF                       0x9f1    0xe  Code  Gb  LED_SW.o [1]
LED_ON                        0x9e3    0xe  Code  Gb  LED_SW.o [1]
Leds_Init                     0x89d   0x64  Code  Gb  LED_SW.o [1]
MemManage_Handler             0xcd7    0x2  Code  Gb  cstartup_M.o [1]
NMI_Handler                   0xc23    0x2  Code  Gb  cstartup_M.o [1]
PendSV_Handler                0xdd3    0x2  Code  Gb  cstartup_M.o [1]
Read_START_SW                 0x9d9    0xa  Code  Gb  LED_SW.o [1]
Read_STOP_SW                  0x9cf    0xa  Code  Gb  LED_SW.o [1]
Region$$Table$$Base           0xcfc          --   Gb  - Linker created -
Region$$Table$$Limit          0xd10          --   Gb  - Linker created -
SVC_Handler                   0xd47    0x2  Code  Gb  cstartup_M.o [1]
SWs_init                      0x901   0xce  Code  Gb  LED_SW.o [1]
SysTick_Disable               0xa95    0xe  Code  Gb  systick.o [1]
SysTick_Enable                0xaa3   0x14  Code  Gb  systick.o [1]
SysTick_Handler                0xf5   0x1c  Code  Gb  main.o [1]
SysTick_Init                  0xa61   0x34  Code  Gb  systick.o [1]
UsageFault_Handler            0xd3b    0x2  Code  Gb  cstartup_M.o [1]
__aeabi_memset                0xc25         Code  Gb  ABImemset.o [4]
__cmain                       0xd15         Code  Gb  cmain.o [4]
__exit                        0xd49   0x14  Code  Gb  exit.o [5]
__iar_Memset                  0xc25         Code  Gb  ABImemset.o [4]
__iar_Memset_word             0xc2d         Code  Gb  ABImemset.o [4]
__iar_copy_init3              0x873   0x2a  Code  Gb  copy_init3.o [4]
__iar_data_init3              0xc8d   0x28  Code  Gb  data_init.o [4]
__iar_init_vfp                0xcb5         Code  Gb  fpinit_M.o [3]
__iar_program_start           0xd8d   0x10  Code  Gb  cstartup_M.o [1]
__low_level_init              0xd33    0x4  Code  Gb  low_level_init.o [2]
__vector_table                  0x0   0xbc  Data  Gb  cstartup_M.o [1]
_call_main                    0xd21         Code  Gb  cmain.o [4]
_exit                         0xd3d         Code  Gb  cexit.o [4]
delayMs                       0xbf5   0x1a  Code  Gb  keypad.o [1]
delay_Ms                      0x859   0x1a  Code  Gb  LCD.o [1]
exit                          0xd37    0x4  Code  Gb  exit.o [2]
first_stop_flag         0x2000'0020    0x1  Data  Gb  main.o [1]
keypad_Init                   0xacd   0x9e  Code  Gb  keypad.o [1]
main                          0x295  0x28e  Code  Gb  main.o [1]
memset                        0xc0f   0x14  Code  Gb  memset.o [4]
num_symbol              0x2000'0010    0xc  Data  Gb  LCD.o [1]
second_stop_flag        0x2000'0021    0x1  Data  Gb  main.o [1]
string_to_int                 0x241   0x54  Code  Gb  main.o [1]
symbol                  0x2000'0000   0x10  Data  Gb  keypad.o [1]
ticks_num               0x2000'001c    0x4  Data  Gb  main.o [1]


[1] = D:\Courses\repos\Microwave Oven Controller Project\Embedded Project repo\App_code\Debug\Obj
[2] = dl7M_tln.a
[3] = m7M_tls.a
[4] = rt7M_tl.a
[5] = shb_l.a

  3'206 bytes of readonly  code memory
    344 bytes of readonly  data memory
  4'130 bytes of readwrite data memory

Errors: none
Warnings: none
